../Core/Src/main.c:83:6:Generate_Triangle_Wave	16	static
../Core/Src/main.c:94:10:getCHIP_ID	40	static
../Core/Src/main.c:105:6:remplir	16	static
../Core/Src/main.c:111:6:TAskFonction	16	static
../Core/Src/main.c:120:6:task_usart1IT	8	static
../Core/Src/main.c:134:5:main	24	static
../Core/Src/main.c:228:6:SystemClock_Config	96	static
../Core/Src/main.c:277:6:PeriphCommonClock_Config	144	static
../Core/Src/main.c:300:6:HAL_UART_RxCpltCallback	24	static,ignoring_inline_asm
../Core/Src/main.c:315:6:Error_Handler	4	static,ignoring_inline_asm
