../Core/Src/main.c:68:5:__io_putchar	16	static
../Core/Src/main.c:73:5:fonction	32	static
../Core/Src/main.c:83:6:MCP23S17_Init	8	static
../Core/Src/main.c:92:6:MCP23S17_Write	24	static
../Core/Src/main.c:122:6:Configure_LED	8	static
../Core/Src/main.c:159:6:TAskFonction	16	static
../Core/Src/main.c:188:6:chenillard	16	static
../Core/Src/main.c:208:5:main	40	static
../Core/Src/main.c:356:6:SystemClock_Config	96	static
../Core/Src/main.c:413:6:HAL_TIM_PeriodElapsedCallback	16	static
../Core/Src/main.c:430:6:Error_Handler	4	static,ignoring_inline_asm
